// Vitest Snapshot v1, https://vitest.dev/guide/snapshot.html

exports[`extractGraphqlFacts > matches the snapshot for the orders-api fixture 1`] = `
[
  {
    "id": "Address",
    "kind": "type",
    "name": "Address",
    "origin": {
      "file": "fixtures/orders-api/schema.graphql",
      "line": 41,
    },
    "typeKind": "OBJECT",
  },
  {
    "argumentNames": [],
    "deprecated": false,
    "id": "Address.city",
    "isList": false,
    "kind": "field",
    "name": "city",
    "namedType": "String",
    "nullable": false,
    "origin": {
      "file": "fixtures/orders-api/schema.graphql",
      "line": 44,
    },
    "parentType": "Address",
    "type": "String!",
  },
  {
    "argumentNames": [],
    "deprecated": false,
    "id": "Address.country",
    "isList": false,
    "kind": "field",
    "name": "country",
    "namedType": "String",
    "nullable": false,
    "origin": {
      "file": "fixtures/orders-api/schema.graphql",
      "line": 46,
    },
    "parentType": "Address",
    "type": "String!",
  },
  {
    "argumentNames": [],
    "deprecated": false,
    "id": "Address.line1",
    "isList": false,
    "kind": "field",
    "name": "line1",
    "namedType": "String",
    "nullable": false,
    "origin": {
      "file": "fixtures/orders-api/schema.graphql",
      "line": 42,
    },
    "parentType": "Address",
    "type": "String!",
  },
  {
    "argumentNames": [],
    "deprecated": false,
    "id": "Address.line2",
    "isList": false,
    "kind": "field",
    "name": "line2",
    "namedType": "String",
    "nullable": true,
    "origin": {
      "file": "fixtures/orders-api/schema.graphql",
      "line": 43,
    },
    "parentType": "Address",
    "type": "String",
  },
  {
    "argumentNames": [],
    "deprecated": false,
    "id": "Address.postcode",
    "isList": false,
    "kind": "field",
    "name": "postcode",
    "namedType": "String",
    "nullable": false,
    "origin": {
      "file": "fixtures/orders-api/schema.graphql",
      "line": 45,
    },
    "parentType": "Address",
    "type": "String!",
  },
  {
    "id": "AddressInput",
    "kind": "type",
    "name": "AddressInput",
    "origin": {
      "file": "fixtures/orders-api/schema.graphql",
      "line": 86,
    },
    "typeKind": "INPUT_OBJECT",
  },
  {
    "argumentNames": [],
    "deprecated": false,
    "id": "AddressInput.city",
    "isList": false,
    "kind": "field",
    "name": "city",
    "namedType": "String",
    "nullable": false,
    "origin": {
      "file": "fixtures/orders-api/schema.graphql",
      "line": 89,
    },
    "parentType": "AddressInput",
    "type": "String!",
  },
  {
    "argumentNames": [],
    "deprecated": false,
    "id": "AddressInput.country",
    "isList": false,
    "kind": "field",
    "name": "country",
    "namedType": "String",
    "nullable": false,
    "origin": {
      "file": "fixtures/orders-api/schema.graphql",
      "line": 91,
    },
    "parentType": "AddressInput",
    "type": "String!",
  },
  {
    "argumentNames": [],
    "deprecated": false,
    "id": "AddressInput.line1",
    "isList": false,
    "kind": "field",
    "name": "line1",
    "namedType": "String",
    "nullable": false,
    "origin": {
      "file": "fixtures/orders-api/schema.graphql",
      "line": 87,
    },
    "parentType": "AddressInput",
    "type": "String!",
  },
  {
    "argumentNames": [],
    "deprecated": false,
    "id": "AddressInput.line2",
    "isList": false,
    "kind": "field",
    "name": "line2",
    "namedType": "String",
    "nullable": true,
    "origin": {
      "file": "fixtures/orders-api/schema.graphql",
      "line": 88,
    },
    "parentType": "AddressInput",
    "type": "String",
  },
  {
    "argumentNames": [],
    "deprecated": false,
    "id": "AddressInput.postcode",
    "isList": false,
    "kind": "field",
    "name": "postcode",
    "namedType": "String",
    "nullable": false,
    "origin": {
      "file": "fixtures/orders-api/schema.graphql",
      "line": 90,
    },
    "parentType": "AddressInput",
    "type": "String!",
  },
  {
    "description": "ISO-8601 timestamp, e.g. 2026-09-04T12:00:00Z",
    "id": "DateTime",
    "kind": "type",
    "name": "DateTime",
    "origin": {
      "file": "fixtures/orders-api/schema.graphql",
      "line": 1,
    },
    "typeKind": "SCALAR",
  },
  {
    "id": "LineItem",
    "kind": "type",
    "name": "LineItem",
    "origin": {
      "file": "fixtures/orders-api/schema.graphql",
      "line": 34,
    },
    "typeKind": "OBJECT",
  },
  {
    "argumentNames": [],
    "deprecated": false,
    "id": "LineItem.id",
    "isList": false,
    "kind": "field",
    "name": "id",
    "namedType": "ID",
    "nullable": false,
    "origin": {
      "file": "fixtures/orders-api/schema.graphql",
      "line": 35,
    },
    "parentType": "LineItem",
    "type": "ID!",
  },
  {
    "argumentNames": [],
    "deprecated": false,
    "id": "LineItem.quantity",
    "isList": false,
    "kind": "field",
    "name": "quantity",
    "namedType": "Int",
    "nullable": false,
    "origin": {
      "file": "fixtures/orders-api/schema.graphql",
      "line": 37,
    },
    "parentType": "LineItem",
    "type": "Int!",
  },
  {
    "argumentNames": [],
    "deprecated": false,
    "id": "LineItem.sku",
    "isList": false,
    "kind": "field",
    "name": "sku",
    "namedType": "String",
    "nullable": false,
    "origin": {
      "file": "fixtures/orders-api/schema.graphql",
      "line": 36,
    },
    "parentType": "LineItem",
    "type": "String!",
  },
  {
    "argumentNames": [],
    "deprecated": false,
    "id": "LineItem.unitPrice",
    "isList": false,
    "kind": "field",
    "name": "unitPrice",
    "namedType": "Money",
    "nullable": false,
    "origin": {
      "file": "fixtures/orders-api/schema.graphql",
      "line": 38,
    },
    "parentType": "LineItem",
    "type": "Money!",
  },
  {
    "id": "LineItemInput",
    "kind": "type",
    "name": "LineItemInput",
    "origin": {
      "file": "fixtures/orders-api/schema.graphql",
      "line": 81,
    },
    "typeKind": "INPUT_OBJECT",
  },
  {
    "argumentNames": [],
    "deprecated": false,
    "id": "LineItemInput.quantity",
    "isList": false,
    "kind": "field",
    "name": "quantity",
    "namedType": "Int",
    "nullable": false,
    "origin": {
      "file": "fixtures/orders-api/schema.graphql",
      "line": 83,
    },
    "parentType": "LineItemInput",
    "type": "Int!",
  },
  {
    "argumentNames": [],
    "deprecated": false,
    "id": "LineItemInput.sku",
    "isList": false,
    "kind": "field",
    "name": "sku",
    "namedType": "String",
    "nullable": false,
    "origin": {
      "file": "fixtures/orders-api/schema.graphql",
      "line": 82,
    },
    "parentType": "LineItemInput",
    "type": "String!",
  },
  {
    "description": "Amount in minor units (pence, cents) with an ISO-4217 currency code.",
    "id": "Money",
    "kind": "type",
    "name": "Money",
    "origin": {
      "file": "fixtures/orders-api/schema.graphql",
      "line": 49,
    },
    "typeKind": "OBJECT",
  },
  {
    "argumentNames": [],
    "deprecated": false,
    "id": "Money.amount",
    "isList": false,
    "kind": "field",
    "name": "amount",
    "namedType": "Int",
    "nullable": false,
    "origin": {
      "file": "fixtures/orders-api/schema.graphql",
      "line": 53,
    },
    "parentType": "Money",
    "type": "Int!",
  },
  {
    "argumentNames": [],
    "deprecated": false,
    "id": "Money.currency",
    "isList": false,
    "kind": "field",
    "name": "currency",
    "namedType": "String",
    "nullable": false,
    "origin": {
      "file": "fixtures/orders-api/schema.graphql",
      "line": 54,
    },
    "parentType": "Money",
    "type": "String!",
  },
  {
    "id": "Mutation",
    "kind": "type",
    "name": "Mutation",
    "origin": {
      "file": "fixtures/orders-api/schema.graphql",
      "line": 106,
    },
    "typeKind": "OBJECT",
  },
  {
    "argumentNames": [
      "id",
    ],
    "deprecated": false,
    "id": "Mutation.cancelOrder",
    "isList": false,
    "kind": "field",
    "name": "cancelOrder",
    "namedType": "Order",
    "nullable": false,
    "origin": {
      "file": "fixtures/orders-api/schema.graphql",
      "line": 108,
    },
    "parentType": "Mutation",
    "type": "Order!",
  },
  {
    "fieldName": "cancelOrder",
    "hasDefault": false,
    "id": "Mutation.cancelOrder(id)",
    "kind": "argument",
    "name": "id",
    "namedType": "ID",
    "nullable": false,
    "origin": {
      "file": "fixtures/orders-api/schema.graphql",
      "line": 108,
    },
    "parentType": "Mutation",
    "type": "ID!",
  },
  {
    "argumentNames": [
      "input",
    ],
    "deprecated": false,
    "id": "Mutation.placeOrder",
    "isList": false,
    "kind": "field",
    "name": "placeOrder",
    "namedType": "Order",
    "nullable": false,
    "origin": {
      "file": "fixtures/orders-api/schema.graphql",
      "line": 107,
    },
    "parentType": "Mutation",
    "type": "Order!",
  },
  {
    "fieldName": "placeOrder",
    "hasDefault": false,
    "id": "Mutation.placeOrder(input)",
    "kind": "argument",
    "name": "input",
    "namedType": "PlaceOrderInput",
    "nullable": false,
    "origin": {
      "file": "fixtures/orders-api/schema.graphql",
      "line": 107,
    },
    "parentType": "Mutation",
    "type": "PlaceOrderInput!",
  },
  {
    "description": "A single purchase made by a user.",
    "id": "Order",
    "kind": "type",
    "name": "Order",
    "origin": {
      "file": "fixtures/orders-api/schema.graphql",
      "line": 20,
    },
    "typeKind": "OBJECT",
  },
  {
    "argumentNames": [],
    "deprecated": false,
    "id": "Order.customer",
    "isList": false,
    "kind": "field",
    "name": "customer",
    "namedType": "User",
    "nullable": false,
    "origin": {
      "file": "fixtures/orders-api/schema.graphql",
      "line": 31,
    },
    "parentType": "Order",
    "type": "User!",
  },
  {
    "argumentNames": [],
    "deprecated": false,
    "id": "Order.id",
    "isList": false,
    "kind": "field",
    "name": "id",
    "namedType": "ID",
    "nullable": false,
    "origin": {
      "file": "fixtures/orders-api/schema.graphql",
      "line": 24,
    },
    "parentType": "Order",
    "type": "ID!",
  },
  {
    "argumentNames": [],
    "deprecated": false,
    "id": "Order.items",
    "isList": true,
    "kind": "field",
    "name": "items",
    "namedType": "LineItem",
    "nullable": false,
    "origin": {
      "file": "fixtures/orders-api/schema.graphql",
      "line": 28,
    },
    "parentType": "Order",
    "type": "[LineItem!]!",
  },
  {
    "argumentNames": [],
    "deprecated": false,
    "id": "Order.note",
    "isList": false,
    "kind": "field",
    "name": "note",
    "namedType": "String",
    "nullable": true,
    "origin": {
      "file": "fixtures/orders-api/schema.graphql",
      "line": 29,
    },
    "parentType": "Order",
    "type": "String",
  },
  {
    "argumentNames": [],
    "deprecated": false,
    "id": "Order.placedAt",
    "isList": false,
    "kind": "field",
    "name": "placedAt",
    "namedType": "DateTime",
    "nullable": false,
    "origin": {
      "file": "fixtures/orders-api/schema.graphql",
      "line": 27,
    },
    "parentType": "Order",
    "type": "DateTime!",
  },
  {
    "argumentNames": [],
    "deprecated": false,
    "id": "Order.shippingAddress",
    "isList": false,
    "kind": "field",
    "name": "shippingAddress",
    "namedType": "Address",
    "nullable": true,
    "origin": {
      "file": "fixtures/orders-api/schema.graphql",
      "line": 30,
    },
    "parentType": "Order",
    "type": "Address",
  },
  {
    "argumentNames": [],
    "deprecated": false,
    "id": "Order.status",
    "isList": false,
    "kind": "field",
    "name": "status",
    "namedType": "OrderStatus",
    "nullable": false,
    "origin": {
      "file": "fixtures/orders-api/schema.graphql",
      "line": 25,
    },
    "parentType": "Order",
    "type": "OrderStatus!",
  },
  {
    "argumentNames": [],
    "deprecated": false,
    "id": "Order.total",
    "isList": false,
    "kind": "field",
    "name": "total",
    "namedType": "Money",
    "nullable": false,
    "origin": {
      "file": "fixtures/orders-api/schema.graphql",
      "line": 26,
    },
    "parentType": "Order",
    "type": "Money!",
  },
  {
    "id": "OrderConnection",
    "kind": "type",
    "name": "OrderConnection",
    "origin": {
      "file": "fixtures/orders-api/schema.graphql",
      "line": 65,
    },
    "typeKind": "OBJECT",
  },
  {
    "argumentNames": [],
    "deprecated": false,
    "id": "OrderConnection.edges",
    "isList": true,
    "kind": "field",
    "name": "edges",
    "namedType": "OrderEdge",
    "nullable": false,
    "origin": {
      "file": "fixtures/orders-api/schema.graphql",
      "line": 66,
    },
    "parentType": "OrderConnection",
    "type": "[OrderEdge!]!",
  },
  {
    "argumentNames": [],
    "deprecated": false,
    "id": "OrderConnection.pageInfo",
    "isList": false,
    "kind": "field",
    "name": "pageInfo",
    "namedType": "PageInfo",
    "nullable": false,
    "origin": {
      "file": "fixtures/orders-api/schema.graphql",
      "line": 67,
    },
    "parentType": "OrderConnection",
    "type": "PageInfo!",
  },
  {
    "argumentNames": [],
    "deprecated": false,
    "id": "OrderConnection.totalCount",
    "isList": false,
    "kind": "field",
    "name": "totalCount",
    "namedType": "Int",
    "nullable": false,
    "origin": {
      "file": "fixtures/orders-api/schema.graphql",
      "line": 68,
    },
    "parentType": "OrderConnection",
    "type": "Int!",
  },
  {
    "id": "OrderEdge",
    "kind": "type",
    "name": "OrderEdge",
    "origin": {
      "file": "fixtures/orders-api/schema.graphql",
      "line": 71,
    },
    "typeKind": "OBJECT",
  },
  {
    "argumentNames": [],
    "deprecated": false,
    "id": "OrderEdge.cursor",
    "isList": false,
    "kind": "field",
    "name": "cursor",
    "namedType": "String",
    "nullable": false,
    "origin": {
      "file": "fixtures/orders-api/schema.graphql",
      "line": 72,
    },
    "parentType": "OrderEdge",
    "type": "String!",
  },
  {
    "argumentNames": [],
    "deprecated": false,
    "id": "OrderEdge.node",
    "isList": false,
    "kind": "field",
    "name": "node",
    "namedType": "Order",
    "nullable": false,
    "origin": {
      "file": "fixtures/orders-api/schema.graphql",
      "line": 73,
    },
    "parentType": "OrderEdge",
    "type": "Order!",
  },
  {
    "id": "OrderStatus",
    "kind": "type",
    "name": "OrderStatus",
    "origin": {
      "file": "fixtures/orders-api/schema.graphql",
      "line": 57,
    },
    "typeKind": "ENUM",
  },
  {
    "deprecated": false,
    "enumType": "OrderStatus",
    "id": "OrderStatus.CANCELLED",
    "kind": "enum_value",
    "name": "CANCELLED",
    "origin": {
      "file": "fixtures/orders-api/schema.graphql",
      "line": 62,
    },
  },
  {
    "deprecated": false,
    "enumType": "OrderStatus",
    "id": "OrderStatus.DELIVERED",
    "kind": "enum_value",
    "name": "DELIVERED",
    "origin": {
      "file": "fixtures/orders-api/schema.graphql",
      "line": 61,
    },
  },
  {
    "deprecated": false,
    "enumType": "OrderStatus",
    "id": "OrderStatus.PAID",
    "kind": "enum_value",
    "name": "PAID",
    "origin": {
      "file": "fixtures/orders-api/schema.graphql",
      "line": 59,
    },
  },
  {
    "deprecated": false,
    "enumType": "OrderStatus",
    "id": "OrderStatus.PENDING",
    "kind": "enum_value",
    "name": "PENDING",
    "origin": {
      "file": "fixtures/orders-api/schema.graphql",
      "line": 58,
    },
  },
  {
    "deprecated": false,
    "enumType": "OrderStatus",
    "id": "OrderStatus.SHIPPED",
    "kind": "enum_value",
    "name": "SHIPPED",
    "origin": {
      "file": "fixtures/orders-api/schema.graphql",
      "line": 60,
    },
  },
  {
    "id": "PageInfo",
    "kind": "type",
    "name": "PageInfo",
    "origin": {
      "file": "fixtures/orders-api/schema.graphql",
      "line": 76,
    },
    "typeKind": "OBJECT",
  },
  {
    "argumentNames": [],
    "deprecated": false,
    "id": "PageInfo.endCursor",
    "isList": false,
    "kind": "field",
    "name": "endCursor",
    "namedType": "String",
    "nullable": true,
    "origin": {
      "file": "fixtures/orders-api/schema.graphql",
      "line": 78,
    },
    "parentType": "PageInfo",
    "type": "String",
  },
  {
    "argumentNames": [],
    "deprecated": false,
    "id": "PageInfo.hasNextPage",
    "isList": false,
    "kind": "field",
    "name": "hasNextPage",
    "namedType": "Boolean",
    "nullable": false,
    "origin": {
      "file": "fixtures/orders-api/schema.graphql",
      "line": 77,
    },
    "parentType": "PageInfo",
    "type": "Boolean!",
  },
  {
    "id": "PlaceOrderInput",
    "kind": "type",
    "name": "PlaceOrderInput",
    "origin": {
      "file": "fixtures/orders-api/schema.graphql",
      "line": 94,
    },
    "typeKind": "INPUT_OBJECT",
  },
  {
    "argumentNames": [],
    "deprecated": false,
    "id": "PlaceOrderInput.items",
    "isList": true,
    "kind": "field",
    "name": "items",
    "namedType": "LineItemInput",
    "nullable": false,
    "origin": {
      "file": "fixtures/orders-api/schema.graphql",
      "line": 95,
    },
    "parentType": "PlaceOrderInput",
    "type": "[LineItemInput!]!",
  },
  {
    "argumentNames": [],
    "deprecated": false,
    "id": "PlaceOrderInput.note",
    "isList": false,
    "kind": "field",
    "name": "note",
    "namedType": "String",
    "nullable": true,
    "origin": {
      "file": "fixtures/orders-api/schema.graphql",
      "line": 97,
    },
    "parentType": "PlaceOrderInput",
    "type": "String",
  },
  {
    "argumentNames": [],
    "deprecated": false,
    "id": "PlaceOrderInput.shippingAddress",
    "isList": false,
    "kind": "field",
    "name": "shippingAddress",
    "namedType": "AddressInput",
    "nullable": false,
    "origin": {
      "file": "fixtures/orders-api/schema.graphql",
      "line": 96,
    },
    "parentType": "PlaceOrderInput",
    "type": "AddressInput!",
  },
  {
    "id": "Query",
    "kind": "type",
    "name": "Query",
    "origin": {
      "file": "fixtures/orders-api/schema.graphql",
      "line": 100,
    },
    "typeKind": "OBJECT",
  },
  {
    "argumentNames": [],
    "deprecated": false,
    "id": "Query.me",
    "isList": false,
    "kind": "field",
    "name": "me",
    "namedType": "User",
    "nullable": true,
    "origin": {
      "file": "fixtures/orders-api/schema.graphql",
      "line": 101,
    },
    "parentType": "Query",
    "type": "User",
  },
  {
    "argumentNames": [
      "id",
    ],
    "deprecated": false,
    "id": "Query.order",
    "isList": false,
    "kind": "field",
    "name": "order",
    "namedType": "Order",
    "nullable": true,
    "origin": {
      "file": "fixtures/orders-api/schema.graphql",
      "line": 102,
    },
    "parentType": "Query",
    "type": "Order",
  },
  {
    "fieldName": "order",
    "hasDefault": false,
    "id": "Query.order(id)",
    "kind": "argument",
    "name": "id",
    "namedType": "ID",
    "nullable": false,
    "origin": {
      "file": "fixtures/orders-api/schema.graphql",
      "line": 102,
    },
    "parentType": "Query",
    "type": "ID!",
  },
  {
    "argumentNames": [
      "first",
      "after",
      "status",
    ],
    "deprecated": false,
    "id": "Query.orders",
    "isList": false,
    "kind": "field",
    "name": "orders",
    "namedType": "OrderConnection",
    "nullable": false,
    "origin": {
      "file": "fixtures/orders-api/schema.graphql",
      "line": 103,
    },
    "parentType": "Query",
    "type": "OrderConnection!",
  },
  {
    "fieldName": "orders",
    "hasDefault": false,
    "id": "Query.orders(after)",
    "kind": "argument",
    "name": "after",
    "namedType": "String",
    "nullable": true,
    "origin": {
      "file": "fixtures/orders-api/schema.graphql",
      "line": 103,
    },
    "parentType": "Query",
    "type": "String",
  },
  {
    "defaultValue": "20",
    "fieldName": "orders",
    "hasDefault": true,
    "id": "Query.orders(first)",
    "kind": "argument",
    "name": "first",
    "namedType": "Int",
    "nullable": true,
    "origin": {
      "file": "fixtures/orders-api/schema.graphql",
      "line": 103,
    },
    "parentType": "Query",
    "type": "Int",
  },
  {
    "fieldName": "orders",
    "hasDefault": false,
    "id": "Query.orders(status)",
    "kind": "argument",
    "name": "status",
    "namedType": "OrderStatus",
    "nullable": true,
    "origin": {
      "file": "fixtures/orders-api/schema.graphql",
      "line": 103,
    },
    "parentType": "Query",
    "type": "OrderStatus",
  },
  {
    "description": "A customer account.",
    "id": "User",
    "kind": "type",
    "name": "User",
    "origin": {
      "file": "fixtures/orders-api/schema.graphql",
      "line": 6,
    },
    "typeKind": "OBJECT",
  },
  {
    "argumentNames": [],
    "deprecated": false,
    "id": "User.email",
    "isList": false,
    "kind": "field",
    "name": "email",
    "namedType": "String",
    "nullable": false,
    "origin": {
      "file": "fixtures/orders-api/schema.graphql",
      "line": 11,
    },
    "parentType": "User",
    "type": "String!",
  },
  {
    "argumentNames": [],
    "deprecated": false,
    "id": "User.id",
    "isList": false,
    "kind": "field",
    "name": "id",
    "namedType": "ID",
    "nullable": false,
    "origin": {
      "file": "fixtures/orders-api/schema.graphql",
      "line": 10,
    },
    "parentType": "User",
    "type": "ID!",
  },
  {
    "argumentNames": [],
    "deprecated": true,
    "deprecationReason": "Use id instead",
    "id": "User.legacyId",
    "isList": false,
    "kind": "field",
    "name": "legacyId",
    "namedType": "String",
    "nullable": true,
    "origin": {
      "file": "fixtures/orders-api/schema.graphql",
      "line": 17,
    },
    "parentType": "User",
    "type": "String",
  },
  {
    "argumentNames": [],
    "deprecated": false,
    "id": "User.name",
    "isList": false,
    "kind": "field",
    "name": "name",
    "namedType": "String",
    "nullable": true,
    "origin": {
      "file": "fixtures/orders-api/schema.graphql",
      "line": 12,
    },
    "parentType": "User",
    "type": "String",
  },
  {
    "argumentNames": [
      "first",
      "after",
      "status",
    ],
    "deprecated": false,
    "description": "Orders placed by this user, newest first.",
    "id": "User.orders",
    "isList": false,
    "kind": "field",
    "name": "orders",
    "namedType": "OrderConnection",
    "nullable": false,
    "origin": {
      "file": "fixtures/orders-api/schema.graphql",
      "line": 13,
    },
    "parentType": "User",
    "type": "OrderConnection!",
  },
  {
    "fieldName": "orders",
    "hasDefault": false,
    "id": "User.orders(after)",
    "kind": "argument",
    "name": "after",
    "namedType": "String",
    "nullable": true,
    "origin": {
      "file": "fixtures/orders-api/schema.graphql",
      "line": 16,
    },
    "parentType": "User",
    "type": "String",
  },
  {
    "defaultValue": "20",
    "fieldName": "orders",
    "hasDefault": true,
    "id": "User.orders(first)",
    "kind": "argument",
    "name": "first",
    "namedType": "Int",
    "nullable": true,
    "origin": {
      "file": "fixtures/orders-api/schema.graphql",
      "line": 16,
    },
    "parentType": "User",
    "type": "Int",
  },
  {
    "fieldName": "orders",
    "hasDefault": false,
    "id": "User.orders(status)",
    "kind": "argument",
    "name": "status",
    "namedType": "OrderStatus",
    "nullable": true,
    "origin": {
      "file": "fixtures/orders-api/schema.graphql",
      "line": 16,
    },
    "parentType": "User",
    "type": "OrderStatus",
  },
]
`;
